Project file name: E:\daten_kunden\safa\2018\1811\data\72.LPE  -  Interface Leiterplatte _BN\daten_cam\kleineplatine ver11_pan.cam
Date:              19:56:08 Donnerstag, 22. November 2018
Table:   kleineplatine ver11.nc    Layer:   All Layers
Drill Usage:
Table #  Tool Ref   Tool #           Size           Exp Ord  Plated Hits  Unplated Hits  Total Hits
=======  ========   ======           ====           =======  ===========  =============  ==========
   1         1         1             0.40               1            52              0          52
   1         2         2             0.60               2            68              0          68
   1         3         3             0.80               3             2              0           2
   1         4         4             0.80               4            18              0          18
   1         5         5             0.90               5            16              0          16
   1         6         6             1.00               6            27              0          27
   1         7         7             3.80               7             3              0           3
===========================================================  ===========  =============  ==========
                                                    Totals:         186              0         186
